The experience afghanistan is not active. Not creating experience.
Experience algeria created.
Experience andorra created.
Experience anguilla created.
The experience anguilla-2 is not active. Not creating experience.
Experience antigua-and-barbuda created.
Experience argentina created.
Experience armenia created.
Experience aruba created.
Experience australia created.
Experience austria created.
Experience bahamas created.
Experience bahrain created.
Experience barbados created.
Experience belgium created.
Experience belize created.
Experience bermuda created.
Experience bolivia created.
Experience bosnia-and-herzegovina created.
The experience brazil is not active. Not creating experience.
Experience british-virgin-islands created.
Experience bulgaria created.
Experience cabo-verde created.
Experience canada created.
Experience cayman-islands created.
Experience chile created.
Experience china created.
Experience colombia created.
Experience cook-islands created.
Experience costa-rica created.
Experience croatia created.
The experience cuba is not active. Not creating experience.
Experience cura-ao created.
Experience cyprus created.
Experience denmark created.
Experience dominican-republic created.
Experience ecuador created.
Experience egypt created.
Experience el-salvador created.
Experience fiji created.
Experience finland created.
Experience france created.
Experience french-polynesia created.
Experience georgia created.
Experience germany created.
Experience gibraltar created.
Experience grenada created.
The currency GTQ for experience guatemala is not active for the site. Not creating experience.
Experience honduras created.
Experience hong-kong created.
Experience hungary created.
Experience iceland created.
Experience ireland created.
Experience israel created.
Experience italy created.
Experience jamaica created.
Experience japan created.
Experience jordan created.
Experience kuwait created.
Experience liechtenstein created.
Experience luxembourg created.
Experience maldives created.
Experience martinique created.
Experience mexico created.
Experience monaco created.
Experience montenegro created.
Experience morocco created.
Experience netherlands created.
Experience new-zealand created.
Experience norway created.
Experience pakistan created.
Experience poland created.
Experience portugal created.
Experience qatar created.
Experience republic-of-korea created.
The experience russian-federation is not active. Not creating experience.
Experience saudi-arabia created.
Experience seychelles created.
Experience singapore created.
Experience slovenia created.
Experience spain created.
Experience sri-lanka created.
Experience sweden created.
Experience switzerland created.
Experience taiwan created.
Experience thailand created.
Experience trinidad-and-tobago created.
Experience turkey created.
Experience turks-and-caicos-islands created.
The experience ukraine is not active. Not creating experience.
Experience united-arab-emirates created.
The experience united-arab-emirates-2 is not active. Not creating experience.
Experience united-kingdom created.
The experience united-states-virgin-islands is not active. Not creating experience.
The currency UZS for experience uzbekistan is not active for the site. Not creating experience.
Experience venezuela created.
Experience vietnam created.
The experience yemen is not active. Not creating experience.
The currency ZMW for experience zambia is not active for the site. Not creating experience.
The default locale null for experience zimbabwe does not exist. Not creating experience.
The experience world is not active. Not creating experience.
Site Locale en_VI did not match any experience.
Site Locale en_BR did not match any experience.
